---
source: crates/ward_cli/tests/ui.rs
description: tests/ui/annotations_invalid.ward
---
exit: Some(1)
--- human ---
[W0221] Error: `@private` doesn't take `x`
   ╭─[ tests/ui/annotations_invalid.ward:6:10 ]
   │
 6 │ @private(x = "y")
   │          ───┬───  
   │             ╰───── expected a name, like `read_file`
───╯
[W0221] Error: unknown annotation `cached` on an import
   ╭─[ tests/ui/annotations_invalid.ward:7:2 ]
   │
 7 │ @cached
   │  ───┬──  
   │     ╰──── not recognized here
   │ 
   │ Help: tool imports take `@private(f, ...)`, `@readonly(f, ...)`, `@sink(f.param, ...)` and `@not_sink(f.param, ..., reason = "...")`
───╯
[W0221] Error: `@allow(rule_of_two)` needs a reason
    ╭─[ tests/ui/annotations_invalid.ward:10:1 ]
    │
 10 │ @allow(rule_of_two)
    │ ─────────┬─────────  
    │          ╰─────────── no reason given
    │ 
    │ Help: say why this is safe: `@allow(rule_of_two, reason = "...")`
────╯
[W0220] Error: `a` breaks the Rule of Two: it processes untrusted input, reads private data and changes external state
    ╭─[ tests/ui/annotations_invalid.ward:11:8 ]
    │
 11 │ pub fn a(r: Untrusted<String>)
    │        ┬ ──────────┬─────────  
    │        ╰─────────────────────── has all three
    │                    │           
    │                    ╰─────────── `r` is declared `Untrusted`
    │ 
 14 │     mail.send(approve(r), "x", approve(drive.read_file("f")))
    │     ────────────────────────────┬────────────────┬───────────  
    │                                 ╰────────────────────────────── `mail.send` may change external state
    │                                                  │             
    │                                                  ╰───────────── `drive.read_file` reads private data
    │ 
    │ Help: split it so no function has all three, or, if a human reviews what it does, `@allow(rule_of_two, reason = "...")`
────╯
[W0221] Error: the reason for an `@allow` can't be empty
    ╭─[ tests/ui/annotations_invalid.ward:17:30 ]
    │
 17 │ @allow(rule_of_two, reason = "  ")
    │                              ──┬─  
    │                                ╰─── say why this is safe
────╯
[W0220] Error: `b` breaks the Rule of Two: it processes untrusted input, reads private data and changes external state
    ╭─[ tests/ui/annotations_invalid.ward:18:8 ]
    │
 18 │ pub fn b(r: Untrusted<String>)
    │        ┬ ──────────┬─────────  
    │        ╰─────────────────────── has all three
    │                    │           
    │                    ╰─────────── `r` is declared `Untrusted`
    │ 
 21 │     mail.send(approve(r), "x", approve(drive.read_file("f")))
    │     ────────────────────────────┬────────────────┬───────────  
    │                                 ╰────────────────────────────── `mail.send` may change external state
    │                                                  │             
    │                                                  ╰───────────── `drive.read_file` reads private data
    │ 
    │ Help: split it so no function has all three, or, if a human reviews what it does, `@allow(rule_of_two, reason = "...")`
────╯
[W0221] Error: `@allow` doesn't take `unused`
    ╭─[ tests/ui/annotations_invalid.ward:24:8 ]
    │
 24 │ @allow(unused, reason = "why")
    │        ───┬──  
    │           ╰──── not recognized
    │ 
    │ Help: write `@allow(rule_of_two, reason = "...")`
────╯
[W0221] Error: unknown annotation `inline`
    ╭─[ tests/ui/annotations_invalid.ward:25:2 ]
    │
 25 │ @inline
    │  ───┬──  
    │     ╰──── not recognized
    │ 
    │ Help: functions take `@allow(rule_of_two, reason = "...")`
────╯
[W0222] Warning: `d` doesn't break the Rule of Two
    ╭─[ tests/ui/annotations_invalid.ward:29:1 ]
    │
 29 │ @allow(rule_of_two, reason = "reviewed")
    │ ────────────────────┬───────────────────  
    │                     ╰───────────────────── nothing to allow
    │ 
    │ Help: remove the annotation
────╯
error: could not check `tests/ui/annotations_invalid.ward` due to 8 errors
--- json ---
{
  "diagnostics": [
    {
      "code": "W0221",
      "file": "tests/ui/annotations_invalid.ward",
      "help": null,
      "labels": [
        {
          "message": "expected a name, like `read_file`",
          "primary": true,
          "span": {
            "end": {
              "column": 17,
              "line": 6,
              "offset": 197
            },
            "start": {
              "column": 10,
              "line": 6,
              "offset": 190
            }
          }
        }
      ],
      "message": "`@private` doesn't take `x`",
      "severity": "error",
      "span": {
        "end": {
          "column": 17,
          "line": 6,
          "offset": 197
        },
        "start": {
          "column": 10,
          "line": 6,
          "offset": 190
        }
      }
    },
    {
      "code": "W0221",
      "file": "tests/ui/annotations_invalid.ward",
      "help": "tool imports take `@private(f, ...)`, `@readonly(f, ...)`, `@sink(f.param, ...)` and `@not_sink(f.param, ..., reason = \"...\")`",
      "labels": [
        {
          "message": "not recognized here",
          "primary": true,
          "span": {
            "end": {
              "column": 8,
              "line": 7,
              "offset": 206
            },
            "start": {
              "column": 2,
              "line": 7,
              "offset": 200
            }
          }
        }
      ],
      "message": "unknown annotation `cached` on an import",
      "severity": "error",
      "span": {
        "end": {
          "column": 8,
          "line": 7,
          "offset": 206
        },
        "start": {
          "column": 2,
          "line": 7,
          "offset": 200
        }
      }
    },
    {
      "code": "W0221",
      "file": "tests/ui/annotations_invalid.ward",
      "help": "say why this is safe: `@allow(rule_of_two, reason = \"...\")`",
      "labels": [
        {
          "message": "no reason given",
          "primary": true,
          "span": {
            "end": {
              "column": 20,
              "line": 10,
              "offset": 261
            },
            "start": {
              "column": 1,
              "line": 10,
              "offset": 242
            }
          }
        }
      ],
      "message": "`@allow(rule_of_two)` needs a reason",
      "severity": "error",
      "span": {
        "end": {
          "column": 20,
          "line": 10,
          "offset": 261
        },
        "start": {
          "column": 1,
          "line": 10,
          "offset": 242
        }
      }
    },
    {
      "code": "W0220",
      "file": "tests/ui/annotations_invalid.ward",
      "help": "split it so no function has all three, or, if a human reviews what it does, `@allow(rule_of_two, reason = \"...\")`",
      "labels": [
        {
          "message": "has all three",
          "primary": true,
          "span": {
            "end": {
              "column": 9,
              "line": 11,
              "offset": 270
            },
            "start": {
              "column": 8,
              "line": 11,
              "offset": 269
            }
          }
        },
        {
          "message": "`r` is declared `Untrusted`",
          "primary": false,
          "span": {
            "end": {
              "column": 30,
              "line": 11,
              "offset": 291
            },
            "start": {
              "column": 10,
              "line": 11,
              "offset": 271
            }
          }
        },
        {
          "message": "`drive.read_file` reads private data",
          "primary": false,
          "span": {
            "end": {
              "column": 60,
              "line": 14,
              "offset": 377
            },
            "start": {
              "column": 40,
              "line": 14,
              "offset": 357
            }
          }
        },
        {
          "message": "`mail.send` may change external state",
          "primary": false,
          "span": {
            "end": {
              "column": 62,
              "line": 14,
              "offset": 379
            },
            "start": {
              "column": 5,
              "line": 14,
              "offset": 322
            }
          }
        }
      ],
      "message": "`a` breaks the Rule of Two: it processes untrusted input, reads private data and changes external state",
      "severity": "error",
      "span": {
        "end": {
          "column": 9,
          "line": 11,
          "offset": 270
        },
        "start": {
          "column": 8,
          "line": 11,
          "offset": 269
        }
      }
    },
    {
      "code": "W0221",
      "file": "tests/ui/annotations_invalid.ward",
      "help": null,
      "labels": [
        {
          "message": "say why this is safe",
          "primary": true,
          "span": {
            "end": {
              "column": 34,
              "line": 17,
              "offset": 416
            },
            "start": {
              "column": 30,
              "line": 17,
              "offset": 412
            }
          }
        }
      ],
      "message": "the reason for an `@allow` can't be empty",
      "severity": "error",
      "span": {
        "end": {
          "column": 34,
          "line": 17,
          "offset": 416
        },
        "start": {
          "column": 30,
          "line": 17,
          "offset": 412
        }
      }
    },
    {
      "code": "W0220",
      "file": "tests/ui/annotations_invalid.ward",
      "help": "split it so no function has all three, or, if a human reviews what it does, `@allow(rule_of_two, reason = \"...\")`",
      "labels": [
        {
          "message": "has all three",
          "primary": true,
          "span": {
            "end": {
              "column": 9,
              "line": 18,
              "offset": 426
            },
            "start": {
              "column": 8,
              "line": 18,
              "offset": 425
            }
          }
        },
        {
          "message": "`r` is declared `Untrusted`",
          "primary": false,
          "span": {
            "end": {
              "column": 30,
              "line": 18,
              "offset": 447
            },
            "start": {
              "column": 10,
              "line": 18,
              "offset": 427
            }
          }
        },
        {
          "message": "`drive.read_file` reads private data",
          "primary": false,
          "span": {
            "end": {
              "column": 60,
              "line": 21,
              "offset": 533
            },
            "start": {
              "column": 40,
              "line": 21,
              "offset": 513
            }
          }
        },
        {
          "message": "`mail.send` may change external state",
          "primary": false,
          "span": {
            "end": {
              "column": 62,
              "line": 21,
              "offset": 535
            },
            "start": {
              "column": 5,
              "line": 21,
              "offset": 478
            }
          }
        }
      ],
      "message": "`b` breaks the Rule of Two: it processes untrusted input, reads private data and changes external state",
      "severity": "error",
      "span": {
        "end": {
          "column": 9,
          "line": 18,
          "offset": 426
        },
        "start": {
          "column": 8,
          "line": 18,
          "offset": 425
        }
      }
    },
    {
      "code": "W0221",
      "file": "tests/ui/annotations_invalid.ward",
      "help": "write `@allow(rule_of_two, reason = \"...\")`",
      "labels": [
        {
          "message": "not recognized",
          "primary": true,
          "span": {
            "end": {
              "column": 14,
              "line": 24,
              "offset": 552
            },
            "start": {
              "column": 8,
              "line": 24,
              "offset": 546
            }
          }
        }
      ],
      "message": "`@allow` doesn't take `unused`",
      "severity": "error",
      "span": {
        "end": {
          "column": 14,
          "line": 24,
          "offset": 552
        },
        "start": {
          "column": 8,
          "line": 24,
          "offset": 546
        }
      }
    },
    {
      "code": "W0221",
      "file": "tests/ui/annotations_invalid.ward",
      "help": "functions take `@allow(rule_of_two, reason = \"...\")`",
      "labels": [
        {
          "message": "not recognized",
          "primary": true,
          "span": {
            "end": {
              "column": 8,
              "line": 25,
              "offset": 577
            },
            "start": {
              "column": 2,
              "line": 25,
              "offset": 571
            }
          }
        }
      ],
      "message": "unknown annotation `inline`",
      "severity": "error",
      "span": {
        "end": {
          "column": 8,
          "line": 25,
          "offset": 577
        },
        "start": {
          "column": 2,
          "line": 25,
          "offset": 571
        }
      }
    },
    {
      "code": "W0222",
      "file": "tests/ui/annotations_invalid.ward",
      "help": "remove the annotation",
      "labels": [
        {
          "message": "nothing to allow",
          "primary": true,
          "span": {
            "end": {
              "column": 41,
              "line": 29,
              "offset": 659
            },
            "start": {
              "column": 1,
              "line": 29,
              "offset": 619
            }
          }
        }
      ],
      "message": "`d` doesn't break the Rule of Two",
      "severity": "warning",
      "span": {
        "end": {
          "column": 41,
          "line": 29,
          "offset": 659
        },
        "start": {
          "column": 1,
          "line": 29,
          "offset": 619
        }
      }
    }
  ],
  "file": "tests/ui/annotations_invalid.ward"
}
