---
source: crates/ws_cli/tests/ui.rs
description: tests/ui/syntax_unclosed_paren_at_eof.wardscript
---
exit: Some(1)
--- human ---
[W0021] Error: unclosed `(`
   ╭─[ tests/ui/syntax_unclosed_paren_at_eof.wardscript:2:6 ]
   │
 2 │     g(1, 2
   │      ┬  
   │      ╰── this delimiter is never closed
   │ 
   │ Help: add a matching `)`
───╯
error: could not check `tests/ui/syntax_unclosed_paren_at_eof.wardscript` due to 1 error
--- json ---
{
  "diagnostics": [
    {
      "code": "W0021",
      "help": "add a matching `)`",
      "labels": [
        {
          "message": "this delimiter is never closed",
          "primary": true,
          "span": {
            "end": {
              "column": 7,
              "line": 2,
              "offset": 22
            },
            "start": {
              "column": 6,
              "line": 2,
              "offset": 21
            }
          }
        }
      ],
      "message": "unclosed `(`",
      "severity": "error",
      "span": {
        "end": {
          "column": 7,
          "line": 2,
          "offset": 22
        },
        "start": {
          "column": 6,
          "line": 2,
          "offset": 21
        }
      }
    }
  ],
  "file": "tests/ui/syntax_unclosed_paren_at_eof.wardscript"
}
