---
source: crates/ward_cli/tests/ui.rs
description: tests/ui/syntax_pub_import.wardscript
---
exit: Some(1)
--- human ---
[W0023] Error: imports can't be `pub`
   ╭─[ tests/ui/syntax_pub_import.wardscript:1:1 ]
   │
 1 │ pub import support.tickets
   │ ─┬─  
   │  ╰─── remove this `pub`
   │ 
   │ Help: re-exporting imported names isn't supported
───╯
[W0102] Error: cannot find module `support.tickets`
   ╭─[ tests/ui/syntax_pub_import.wardscript:1:12 ]
   │
 1 │ pub import support.tickets
   │            ───────┬───────  
   │                   ╰───────── no such module
   │ 
   │ Help: looked for `tests/ui/support/tickets.ward` and `tests/ui/support/tickets.wardscript`
───╯
error: could not check `tests/ui/syntax_pub_import.wardscript` due to 2 errors
--- json ---
{
  "diagnostics": [
    {
      "code": "W0023",
      "file": "tests/ui/syntax_pub_import.wardscript",
      "help": "re-exporting imported names isn't supported",
      "labels": [
        {
          "message": "remove this `pub`",
          "primary": true,
          "span": {
            "end": {
              "column": 4,
              "line": 1,
              "offset": 3
            },
            "start": {
              "column": 1,
              "line": 1,
              "offset": 0
            }
          }
        }
      ],
      "message": "imports can't be `pub`",
      "severity": "error",
      "span": {
        "end": {
          "column": 4,
          "line": 1,
          "offset": 3
        },
        "start": {
          "column": 1,
          "line": 1,
          "offset": 0
        }
      }
    },
    {
      "code": "W0102",
      "file": "tests/ui/syntax_pub_import.wardscript",
      "help": "looked for `tests/ui/support/tickets.ward` and `tests/ui/support/tickets.wardscript`",
      "labels": [
        {
          "message": "no such module",
          "primary": true,
          "span": {
            "end": {
              "column": 27,
              "line": 1,
              "offset": 26
            },
            "start": {
              "column": 12,
              "line": 1,
              "offset": 11
            }
          }
        }
      ],
      "message": "cannot find module `support.tickets`",
      "severity": "error",
      "span": {
        "end": {
          "column": 27,
          "line": 1,
          "offset": 26
        },
        "start": {
          "column": 12,
          "line": 1,
          "offset": 11
        }
      }
    }
  ],
  "file": "tests/ui/syntax_pub_import.wardscript"
}
