---
source: crates/ward_cli/tests/ui.rs
description: tests/ui/syntax_missing_semicolon.ward
---
exit: Some(1)
--- human ---
[W0015] Error: expected a line break or `;`, found `let`
   ╭─[ tests/ui/syntax_missing_semicolon.ward:2:13 ]
   │
 2 │     let x = 1 let y = 2
   │             ┬  
   │             ╰── the statement should end after this
   │ 
   │ Help: put each statement on its own line, or separate them with `;`
───╯
error: could not check `tests/ui/syntax_missing_semicolon.ward` due to 1 error
--- json ---
{
  "diagnostics": [
    {
      "code": "W0015",
      "file": "tests/ui/syntax_missing_semicolon.ward",
      "help": "put each statement on its own line, or separate them with `;`",
      "labels": [
        {
          "message": "the statement should end after this",
          "primary": true,
          "span": {
            "end": {
              "column": 14,
              "line": 2,
              "offset": 29
            },
            "start": {
              "column": 13,
              "line": 2,
              "offset": 28
            }
          }
        }
      ],
      "message": "expected a line break or `;`, found `let`",
      "severity": "error",
      "span": {
        "end": {
          "column": 14,
          "line": 2,
          "offset": 29
        },
        "start": {
          "column": 13,
          "line": 2,
          "offset": 28
        }
      }
    }
  ],
  "file": "tests/ui/syntax_missing_semicolon.ward"
}
