---
source: crates/ward_cli/tests/ui.rs
description: tests/ui/throws_try_cannot_throw.wardscript
---
exit: Some(0)
--- human ---
[W0131] Warning: nothing in this `try` block can throw
   ╭─[ tests/ui/throws_try_cannot_throw.wardscript:2:5 ]
   │
 2 │     try {
   │     ─┬─  
   │      ╰─── unnecessary `try`
   │ 
   │ Help: remove the `try`, or mark calls that throw with `?`
───╯
ok: tests/ui/throws_try_cannot_throw.wardscript (1 warning)
--- json ---
{
  "diagnostics": [
    {
      "code": "W0131",
      "file": "tests/ui/throws_try_cannot_throw.wardscript",
      "help": "remove the `try`, or mark calls that throw with `?`",
      "labels": [
        {
          "message": "unnecessary `try`",
          "primary": true,
          "span": {
            "end": {
              "column": 8,
              "line": 2,
              "offset": 29
            },
            "start": {
              "column": 5,
              "line": 2,
              "offset": 26
            }
          }
        }
      ],
      "message": "nothing in this `try` block can throw",
      "severity": "warning",
      "span": {
        "end": {
          "column": 8,
          "line": 2,
          "offset": 29
        },
        "start": {
          "column": 5,
          "line": 2,
          "offset": 26
        }
      }
    }
  ],
  "file": "tests/ui/throws_try_cannot_throw.wardscript"
}
