---
source: crates/ws_cli/tests/ui.rs
description: tests/ui/types_try_wrong_return.wardscript
---
exit: Some(1)
--- human ---
[W0118] Error: `?` on a `Result` can only be used in a function that returns `Result`
   ╭─[ tests/ui/types_try_wrong_return.wardscript:6:5 ]
   │
 6 │     parse(s)?
   │     ────┬────  
   │         ╰────── `f` returns `Int`
   │ 
   │ Help: change the return type of `f` to `Result<...>`, or handle the value with `match`
───╯
error: could not check `tests/ui/types_try_wrong_return.wardscript` due to 1 error
--- json ---
{
  "diagnostics": [
    {
      "code": "W0118",
      "file": "tests/ui/types_try_wrong_return.wardscript",
      "help": "change the return type of `f` to `Result<...>`, or handle the value with `match`",
      "labels": [
        {
          "message": "`f` returns `Int`",
          "primary": true,
          "span": {
            "end": {
              "column": 14,
              "line": 6,
              "offset": 96
            },
            "start": {
              "column": 5,
              "line": 6,
              "offset": 87
            }
          }
        }
      ],
      "message": "`?` on a `Result` can only be used in a function that returns `Result`",
      "severity": "error",
      "span": {
        "end": {
          "column": 14,
          "line": 6,
          "offset": 96
        },
        "start": {
          "column": 5,
          "line": 6,
          "offset": 87
        }
      }
    }
  ],
  "file": "tests/ui/types_try_wrong_return.wardscript"
}
