---
source: crates/ws_cli/tests/ui.rs
description: tests/ui/types_try_error_mismatch.wardscript
---
exit: Some(1)
--- human ---
[W0118] Error: `?` can't pass an error of type `String` to a function returning `Result<Int, Int>`
   ╭─[ tests/ui/types_try_error_mismatch.wardscript:6:8 ]
   │
 6 │     Ok(parse(s)?)
   │        ────┬────  
   │            ╰────── the error type here is `String`
   │ 
   │ Help: `f` can only return errors of type `Int`
───╯
error: could not check `tests/ui/types_try_error_mismatch.wardscript` due to 1 error
--- json ---
{
  "diagnostics": [
    {
      "code": "W0118",
      "file": "tests/ui/types_try_error_mismatch.wardscript",
      "help": "`f` can only return errors of type `Int`",
      "labels": [
        {
          "message": "the error type here is `String`",
          "primary": true,
          "span": {
            "end": {
              "column": 17,
              "line": 6,
              "offset": 112
            },
            "start": {
              "column": 8,
              "line": 6,
              "offset": 103
            }
          }
        }
      ],
      "message": "`?` can't pass an error of type `String` to a function returning `Result<Int, Int>`",
      "severity": "error",
      "span": {
        "end": {
          "column": 17,
          "line": 6,
          "offset": 112
        },
        "start": {
          "column": 8,
          "line": 6,
          "offset": 103
        }
      }
    }
  ],
  "file": "tests/ui/types_try_error_mismatch.wardscript"
}
