---
source: crates/ward_cli/tests/ui.rs
description: tests/ui/types_return_auto_ok.wardscript
---
exit: Some(1)
--- human ---
[W0110] Error: mismatched types: expected `String`, found `Int`
   ╭─[ tests/ui/types_return_auto_ok.wardscript:3:16 ]
   │
 3 │         return 42
   │                ─┬  
   │                 ╰── expected `String`, found `Int`
───╯
[W0110] Error: mismatched types: expected `Result<String, String>`, found `Result<String, Bool>`
   ╭─[ tests/ui/types_return_auto_ok.wardscript:5:12 ]
   │
 5 │     return Err(false)
   │            ─────┬────  
   │                 ╰────── expected `Result<String, String>`, found `Result<String, Bool>`
───╯
error: could not check `tests/ui/types_return_auto_ok.wardscript` due to 2 errors
--- json ---
{
  "diagnostics": [
    {
      "code": "W0110",
      "file": "tests/ui/types_return_auto_ok.wardscript",
      "help": null,
      "labels": [
        {
          "message": "expected `String`, found `Int`",
          "primary": true,
          "span": {
            "end": {
              "column": 18,
              "line": 3,
              "offset": 72
            },
            "start": {
              "column": 16,
              "line": 3,
              "offset": 70
            }
          }
        }
      ],
      "message": "mismatched types: expected `String`, found `Int`",
      "severity": "error",
      "span": {
        "end": {
          "column": 18,
          "line": 3,
          "offset": 72
        },
        "start": {
          "column": 16,
          "line": 3,
          "offset": 70
        }
      }
    },
    {
      "code": "W0110",
      "file": "tests/ui/types_return_auto_ok.wardscript",
      "help": null,
      "labels": [
        {
          "message": "expected `Result<String, String>`, found `Result<String, Bool>`",
          "primary": true,
          "span": {
            "end": {
              "column": 22,
              "line": 5,
              "offset": 100
            },
            "start": {
              "column": 12,
              "line": 5,
              "offset": 90
            }
          }
        }
      ],
      "message": "mismatched types: expected `Result<String, String>`, found `Result<String, Bool>`",
      "severity": "error",
      "span": {
        "end": {
          "column": 22,
          "line": 5,
          "offset": 100
        },
        "start": {
          "column": 12,
          "line": 5,
          "offset": 90
        }
      }
    }
  ],
  "file": "tests/ui/types_return_auto_ok.wardscript"
}
